[backblue.gif]
[fade.gif]
[index.html]
[cosmicdrifts.tech/favicons/favicon.ico]
[cdn.discordapp.com/attachments/953654475518791682/959720215887904818/unknown.png]
[cosmicdrifts.tech/_next/static/chunks/webpack-db10e363c4f57f9f0a25.js]
[cosmicdrifts.tech/_next/static/chunks/framework-252749a82e0eed55204d.js]
[cosmicdrifts.tech/_next/static/chunks/main-ac50f1ddf6ff503fee73.js]
[cosmicdrifts.tech/_next/static/chunks/pages/_app-632d8e3b1746b77d856e.js]
[cosmicdrifts.tech/_next/static/chunks/ea74e2ce-40714406fa35eb3c30c8.js]
[cosmicdrifts.tech/_next/static/chunks/998-bff30fa226700046a6c4.js]
[cosmicdrifts.tech/_next/static/chunks/pages/[[...slug]]-1c7b3134fdb8695b9f8b.js]
[cosmicdrifts.tech/_next/static/ZZVTWaKEArxweHaZbMA5R/_buildManifest.js]
[cosmicdrifts.tech/_next/static/ZZVTWaKEArxweHaZbMA5R/_ssgManifest.js]
[cosmicdrifts.tech/design/images/stars.0f67e22431027fdf.jpg]
[cosmicdrifts.tech/design/fonts/magistral-cond-book.woff2]
[cosmicdrifts.tech/design/fonts/magistral-cond-medium.woff2]
[cosmicdrifts.tech/design/fonts/magistral-cond-bold.woff2]
[cosmicdrifts.tech/design/fonts/magistral-cond-extra-bold.woff2]
[cosmicdrifts.tech/images.ctfassets.net/9tpgu2u9anrt/2yT7jLQP8aFscZnYXzP0xo/c8d724fa1875112179268cde99c1024c/Duke_selected.png]
[cosmicdrifts.tech/images.ctfassets.net/9tpgu2u9anrt/2P7KTex2hr13UVtrGPtWqv/6f938683406504e4eb4be9113058b1d8/Eris_thumb_B.png]
[cosmicdrifts.tech/images.ctfassets.net/9tpgu2u9anrt/3njs07yyHdFLzAooqBNQqo/94134fdc425f7eb294315bf9d5625543/Finn_thumb_B.png]
[cosmicdrifts.tech/images.ctfassets.net/9tpgu2u9anrt/6ghdSGX1NceR3edLPDF3Eg/4d78f14c4753bdc8615963f3d3cc7f1d/Bob_thumb_B.png]
[cosmicdrifts.tech/images.ctfassets.net/9tpgu2u9anrt/70VS7j9FwTVsb3jlQHo450/49448a6ad193f1edbd9f0b6df6a1855a/Bob_sml.png]
[cosmicdrifts.tech/images.ctfassets.net/9tpgu2u9anrt/4wu3NvsXka74OQtVYaSrZr/b2ca4559922a5b8d1338a7489958e2e3/Bob-Pattern.png]
[cosmicdrifts.tech/images.ctfassets.net/9tpgu2u9anrt/6BqPw79yWmOcanCtHB0oYH/795c99be6b8708b280d1c65538840e13/Duke_sml.png]
[cosmicdrifts.tech/images.ctfassets.net/9tpgu2u9anrt/78KBXQFSW3bczOrVQqdWYT/ee2e74bc9098b40442c1e770fc9207b3/Duke_Full_B.png]
[cosmicdrifts.tech/images.ctfassets.net/9tpgu2u9anrt/1634uWJOJPs3YJn2hi7jPM/cecfdeca97ed1e69dd537129bd3271db/Eris_sml.png]
[cosmicdrifts.tech/images.ctfassets.net/9tpgu2u9anrt/2OxgGUruKfk2qrjeSrxB5L/72070515fee3aedbaa55cf74b9edf1e6/Eris-Pattern.png]
[cosmicdrifts.tech/images.ctfassets.net/9tpgu2u9anrt/5AsbUGgyJnhrc0FFyIq7XB/0db9acbca40232656a6138b8c0354114/Finn_sml.png]
[cosmicdrifts.tech/images.ctfassets.net/9tpgu2u9anrt/JEXqsPG3EA363hxhYVB10/2c81459ef404325d43ada24b1efb1087/Finn-Pattern.png]
[cosmicdrifts.tech/index.html]
[cosmicdrifts.tech/favicons/apple-touch-icon.html]
[cosmicdrifts.tech/favicons/android-chrome-192x192.html]
[cosmicdrifts.tech/favicons/android-chrome-512x512.html]
[cosmicdrifts.tech/favicons/favicon-32x32.html]
[cosmicdrifts.tech/favicons/favicon-16x16.html]
[cosmicdrifts.tech/_next/static/css/14fd3a558ecf1f185c60.css]
[cosmicdrifts.tech/_next/static/chunks/polyfills-a40ef1678bae11e696dba45124eadd70.html]
[cosmicdrifts.tech/design/fonts/magistral-cond-book.html]
[cosmicdrifts.tech/design/fonts/magistral-cond-medium.html]
[cosmicdrifts.tech/design/fonts/magistral-cond-bold.html]
[cosmicdrifts.tech/design/fonts/magistral-cond-extra-bold.html]
[cosmicdrifts.tech/index-2.html]
[cosmicdrifts.tech/early-access.html]
[cosmicdrifts.tech/updates.html]
[cosmicdrifts.tech/images.ctfassets.net/9tpgu2u9anrt/1DteZrL1bScvE27IcYtmAn/b45e84969732b917debaed0145922fdb/SP_thumb87a987a9.html]
[cosmicdrifts.tech/images.ctfassets.net/9tpgu2u9anrt/4b69mGpsVGfD8VKOkwbsNd/9b82f4b2c911ea93dbd8702a44e19abc/CosmicDrift_Header_logo_1155x435px75b575b5.html]
[cosmicdrifts.tech/images.ctfassets.net/9tpgu2u9anrt/6LAR2nqpbdId5M4JQrT9RE/9c7d8827b5e322e232ab49030172ac9e/bg3_PLACEHOLDER50cd50cd.html]
[cosmicdrifts.tech/images.ctfassets.net/9tpgu2u9anrt/4UngstWOyTckG1c2VOeB0/ddf6c1f736a5eadd7c02ba88d6c2f3aa/Endless_arsenal_smallbf29bf29.html]
[cosmicdrifts.tech/images.ctfassets.net/9tpgu2u9anrt/2WV47OLGSZe97D2Z94tywj/57d721cabaad23b2c57c46492fa2394a/bg2_PLACEHOLDER50cd50cd.html]
[cosmicdrifts.tech/images.ctfassets.net/9tpgu2u9anrt/5d1c7xYNcq6bMRrWEfZC6F/0d99fa6b95defb3968e0a0284a5bd46b/Endless_power_smallbf29bf29.html]
[cosmicdrifts.tech/images.ctfassets.net/9tpgu2u9anrt/o55jtYPNF4Z91movdlU0B/1e0c402ddbd14b9781fbc9beff0b4f9d/ErisnDuke_Glory_smallbf29bf29.html]
[cosmicdrifts.tech/logos/sp-1200x630.html]
[cosmicdrifts.tech/logos/sp-1080x1080.html]
[cosmicdrifts.tech/images.ctfassets.net/9tpgu2u9anrt/1FALLopSF7nX6menI8Y9XX/78782ea6bc6de9c31a7abb158360cfaf/packageplate_1_PLACEHOLDER50cd50cd.html]
[cosmicdrifts.tech/images.ctfassets.net/9tpgu2u9anrt/6OG5m9Is6tGBf1ybXU4C2Q/205b467f39c3654104ad860ada5708e3/SP_Foreground_Group_1095x1320_faded75b575b5.html]
[cosmicdrifts.tech/images.ctfassets.net/9tpgu2u9anrt/mdkcnsr22jwdIpnTMrzv6/e26fec2749304996f36b2b7a8287c12a/Flashy_entrance50cd50cd.html]
[cosmicdrifts.tech/images.ctfassets.net/9tpgu2u9anrt/6K2QLAZ3LGFIOoh339J4t3/6b43208ec8c94dcac30f9f5b5cac0c99/SP_Foreground_Teleport_1095x132075b575b5.html]
[cosmicdrifts.tech/F.html]
[cosmicdrifts.tech/cookies.html]
[cosmicdrifts.tech/favicons/6703-favicons-favicon.html]
[cosmicdrifts.tech/favicons/211-favicons-apple-touch-icon.html]
[cosmicdrifts.tech/favicons/3392-favicons-android-chrome-192x192.html]
[cosmicdrifts.tech/favicons/3723-favicons-android-chrome-512x512.html]
[cosmicdrifts.tech/favicons/4630-favicons-favicon-32x32.html]
[cosmicdrifts.tech/favicons/2148-favicons-favicon-16x16.html]
[cosmicdrifts.tech/css/css-14fd3a558ecf1f185c60.html]
[cosmicdrifts.tech/js/chunks-polyfills-a40ef1678bae11e696dba45124eadd70.html]
[cosmicdrifts.tech/js/chunks-webpack-db10e363c4f57f9f0a25.html]
[cosmicdrifts.tech/js/chunks-framework-252749a82e0eed55204d.html]
[cosmicdrifts.tech/js/chunks-main-ac50f1ddf6ff503fee73.html]
[cosmicdrifts.tech/js/pages-_app-632d8e3b1746b77d856e.html]
[cosmicdrifts.tech/js/chunks-ea74e2ce-40714406fa35eb3c30c8.html]
[cosmicdrifts.tech/js/chunks-998-bff30fa226700046a6c4.html]
[cosmicdrifts.tech/js/pages-[[...slug]]-1c7b3134fdb8695b9f8b.html]
[cosmicdrifts.tech/js/ZZVTWaKEArxweHaZbMA5R-_buildManifest.html]
[cosmicdrifts.tech/js/ZZVTWaKEArxweHaZbMA5R-_ssgManifest.html]
[cosmicdrifts.tech/cosmicdrift.html]
